[eroldan@lxfast lf]$ ./test.sh "python /vagrant/1.setup.py"
ubuntu | success | rc=0 >>


opensuse | success | rc=0 >>


centos | success | rc=0 >>


[eroldan@lxfast lf]$ ./test.sh "python /vagrant/1.grading.py"
ubuntu | FAILED | rc=33 >>
Item Failed

opensuse | FAILED | rc=33 >>
Item Failed

centos | FAILED | rc=33 >>
Item Failed

[eroldan@lxfast lf]$ ./test.sh "python /vagrant/1.answer.py"
ubuntu | success | rc=0 >>


opensuse | success | rc=0 >>


centos | success | rc=0 >>


[eroldan@lxfast lf]$ ./test.sh "python /vagrant/1.grading.py"
ubuntu | success | rc=0 >>
Item passed

opensuse | success | rc=0 >>
Item passed

centos | success | rc=0 >>
Item passed

[eroldan@lxfast lf]$ ./test.sh "python /vagrant/1.setup.py"
ubuntu | success | rc=0 >>


opensuse | success | rc=0 >>


centos | success | rc=0 >>


[eroldan@lxfast lf]$ ./test.sh "python /vagrant/1.grading.py"
ubuntu | FAILED | rc=33 >>
Item Failed

opensuse | FAILED | rc=33 >>
Item Failed

centos | FAILED | rc=33 >>
Item Failed

